---
source: tests/output.rs
expression: "format!(\"{:?}\", miette::Error::new(tc.unwrap_err()))"
---
  [31m×[0m The testcase returned an error

Error: 
  [31m×[0m An error occurred while parsing testcases

Error: 
  [31m×[0m An argument was missing
   ╭─[[36;1;4mtest.kdl:3:17[0m]
 [2m2[0m │             testcase {
 [2m3[0m │                 foobar
   · [35;1m                ───┬──[0m
   ·                    [35;1m╰── [35;1mThis node is missing an argument[0m[0m
 [2m4[0m │             }
   ╰────
[36m  help: [0mThis node requires an integer argument
